Archive member included to satisfy reference by file (symbol)

c:/program files/microchip/xc8/v2.45/avr/bin/../lib/gcc/avr/5.4.0/../../../../avr/lib/avrxmega3\libm.a(addsf3.o)
                              build/default/debug/max30102_math.o (__subsf3)
c:/program files/microchip/xc8/v2.45/avr/bin/../lib/gcc/avr/5.4.0/../../../../avr/lib/avrxmega3\libm.a(addsf3x.o)
                              c:/program files/microchip/xc8/v2.45/avr/bin/../lib/gcc/avr/5.4.0/../../../../avr/lib/avrxmega3\libm.a(addsf3.o) (__addsf3x)
c:/program files/microchip/xc8/v2.45/avr/bin/../lib/gcc/avr/5.4.0/../../../../avr/lib/avrxmega3\libm.a(cmpsf2.o)
                              build/default/debug/max30102_math.o (__ltsf2)
c:/program files/microchip/xc8/v2.45/avr/bin/../lib/gcc/avr/5.4.0/../../../../avr/lib/avrxmega3\libm.a(divsf3.o)
                              build/default/debug/max30102_math.o (__divsf3)
c:/program files/microchip/xc8/v2.45/avr/bin/../lib/gcc/avr/5.4.0/../../../../avr/lib/avrxmega3\libm.a(divsf3x.o)
                              c:/program files/microchip/xc8/v2.45/avr/bin/../lib/gcc/avr/5.4.0/../../../../avr/lib/avrxmega3\libm.a(divsf3.o) (__divsf3x)
c:/program files/microchip/xc8/v2.45/avr/bin/../lib/gcc/avr/5.4.0/../../../../avr/lib/avrxmega3\libm.a(fixunssfsi.o)
                              build/default/debug/newavr-main.o (__fixunssfsi)
c:/program files/microchip/xc8/v2.45/avr/bin/../lib/gcc/avr/5.4.0/../../../../avr/lib/avrxmega3\libm.a(floatsisf.o)
                              build/default/debug/max30102_math.o (__floatunsisf)
c:/program files/microchip/xc8/v2.45/avr/bin/../lib/gcc/avr/5.4.0/../../../../avr/lib/avrxmega3\libm.a(fp_cmp.o)
                              c:/program files/microchip/xc8/v2.45/avr/bin/../lib/gcc/avr/5.4.0/../../../../avr/lib/avrxmega3\libm.a(cmpsf2.o) (__fp_cmp)
c:/program files/microchip/xc8/v2.45/avr/bin/../lib/gcc/avr/5.4.0/../../../../avr/lib/avrxmega3\libm.a(fp_inf.o)
                              c:/program files/microchip/xc8/v2.45/avr/bin/../lib/gcc/avr/5.4.0/../../../../avr/lib/avrxmega3\libm.a(addsf3x.o) (__fp_inf)
c:/program files/microchip/xc8/v2.45/avr/bin/../lib/gcc/avr/5.4.0/../../../../avr/lib/avrxmega3\libm.a(fp_nan.o)
                              c:/program files/microchip/xc8/v2.45/avr/bin/../lib/gcc/avr/5.4.0/../../../../avr/lib/avrxmega3\libm.a(addsf3x.o) (__fp_nan)
c:/program files/microchip/xc8/v2.45/avr/bin/../lib/gcc/avr/5.4.0/../../../../avr/lib/avrxmega3\libm.a(fp_pscA.o)
                              c:/program files/microchip/xc8/v2.45/avr/bin/../lib/gcc/avr/5.4.0/../../../../avr/lib/avrxmega3\libm.a(addsf3x.o) (__fp_pscA)
c:/program files/microchip/xc8/v2.45/avr/bin/../lib/gcc/avr/5.4.0/../../../../avr/lib/avrxmega3\libm.a(fp_pscB.o)
                              c:/program files/microchip/xc8/v2.45/avr/bin/../lib/gcc/avr/5.4.0/../../../../avr/lib/avrxmega3\libm.a(addsf3x.o) (__fp_pscB)
c:/program files/microchip/xc8/v2.45/avr/bin/../lib/gcc/avr/5.4.0/../../../../avr/lib/avrxmega3\libm.a(fp_round.o)
                              c:/program files/microchip/xc8/v2.45/avr/bin/../lib/gcc/avr/5.4.0/../../../../avr/lib/avrxmega3\libm.a(addsf3.o) (__fp_round)
c:/program files/microchip/xc8/v2.45/avr/bin/../lib/gcc/avr/5.4.0/../../../../avr/lib/avrxmega3\libm.a(fp_split3.o)
                              c:/program files/microchip/xc8/v2.45/avr/bin/../lib/gcc/avr/5.4.0/../../../../avr/lib/avrxmega3\libm.a(addsf3x.o) (__fp_split3)
c:/program files/microchip/xc8/v2.45/avr/bin/../lib/gcc/avr/5.4.0/../../../../avr/lib/avrxmega3\libm.a(fp_zero.o)
                              c:/program files/microchip/xc8/v2.45/avr/bin/../lib/gcc/avr/5.4.0/../../../../avr/lib/avrxmega3\libm.a(addsf3x.o) (__fp_zero)
c:/program files/microchip/xc8/v2.45/avr/bin/../lib/gcc/avr/5.4.0/../../../../avr/lib/avrxmega3\libm.a(gesf2.o)
                              build/default/debug/max30102_math.o (__gtsf2)
c:/program files/microchip/xc8/v2.45/avr/bin/../lib/gcc/avr/5.4.0/../../../../avr/lib/avrxmega3\libm.a(mulsf3.o)
                              build/default/debug/max30102_math.o (__mulsf3)
c:/program files/microchip/xc8/v2.45/avr/bin/../lib/gcc/avr/5.4.0/../../../../avr/lib/avrxmega3\libm.a(mulsf3x.o)
                              c:/program files/microchip/xc8/v2.45/avr/bin/../lib/gcc/avr/5.4.0/../../../../avr/lib/avrxmega3\libm.a(mulsf3.o) (__mulsf3x)
c:/program files/microchip/xc8/v2.45/avr/bin/../lib/gcc/avr/5.4.0/avrxmega3\libgcc.a(_udivmodsi4.o)
                              build/default/debug/newavr-main.o (__udivmodsi4)
c:/program files/microchip/xc8/v2.45/avr/bin/../lib/gcc/avr/5.4.0/avrxmega3\libgcc.a(_copy_data.o)
                              build/default/debug/max30102_math.o (__do_copy_data)
c:/program files/microchip/xc8/v2.45/avr/bin/../lib/gcc/avr/5.4.0/../../../../avr/lib/avrxmega3\libc.a(exit.o)
                              C:/Users/apknu/.mchp_packs/Microchip/ATmega_DFP/3.2.269/xc8/avr/lib/avrxmega3/crtatmega3208.o (exit)
[...]
Memory Configuration

Name             Origin             Length             Attributes
text             0x0000000000000000 0x0000000000008000 xr
data             0x0000000000803000 0x0000000000001000 rw !x
eeprom           0x0000000000810000 0x0000000000000100 rw !x
fuse             0x0000000000820000 0x000000000000000a rw !x
lock             0x0000000000830000 0x0000000000000400 rw !x
signature        0x0000000000840000 0x0000000000000400 rw !x
user_signatures  0x0000000000850000 0x0000000000000400 rw !x
bootrow          0x0000000000860000 0x0000000000000400 rw !x
*default*        0x0000000000000000 0xffffffffffffffff

Linker script and memory map

Address of section .data set to 0x803000
                0x0000000000004000                __RODATA_PM_OFFSET__ = 0x4000
LOAD C:/Users/apknu/.mchp_packs/Microchip/ATmega_DFP/3.2.269/xc8/avr/lib/avrxmega3/crtatmega3208.o
                0x0000000000000001                __MPLAB_BUILD = 0x1
LOAD build/default/debug/muscle.o
LOAD build/default/debug/max30102.o
LOAD build/default/debug/bluetooth.o
LOAD build/default/debug/button_led.o
LOAD build/default/debug/max30102_math.o
LOAD build/default/debug/newavr-main.o
START GROUP
LOAD c:/program files/microchip/xc8/v2.45/avr/bin/../lib/gcc/avr/5.4.0/../../../../avr/lib/avrxmega3\libm.a
END GROUP
                0x0000000000000001                __MPLAB_DEBUG = 0x1
                0x0000000000000001                __DEBUG = 0x1
START GROUP
LOAD c:/program files/microchip/xc8/v2.45/avr/bin/../lib/gcc/avr/5.4.0/avrxmega3\libgcc.a
LOAD c:/program files/microchip/xc8/v2.45/avr/bin/../lib/gcc/avr/5.4.0/../../../../avr/lib/avrxmega3\libm.a
LOAD c:/program files/microchip/xc8/v2.45/avr/bin/../lib/gcc/avr/5.4.0/../../../../avr/lib/avrxmega3\libc.a
LOAD C:/Users/apknu/.mchp_packs/Microchip/ATmega_DFP/3.2.269/xc8/avr/lib/avrxmega3\libatmega3208.a
END GROUP
                [0x0000000000000000]                __TEXT_REGION_ORIGIN__ = DEFINED (__TEXT_REGION_ORIGIN__)?__TEXT_REGION_ORIGIN__:0x0
                [0x0000000000803000]                __DATA_REGION_ORIGIN__ = DEFINED (__DATA_REGION_ORIGIN__)?__DATA_REGION_ORIGIN__:0x802000
                [0x0000000000008000]                __TEXT_REGION_LENGTH__ = DEFINED (__TEXT_REGION_LENGTH__)?__TEXT_REGION_LENGTH__:0x100000
                [0x0000000000001000]                __DATA_REGION_LENGTH__ = DEFINED (__DATA_REGION_LENGTH__)?__DATA_REGION_LENGTH__:0xffa0
                [0x0000000000000100]                __EEPROM_REGION_LENGTH__ = DEFINED (__EEPROM_REGION_LENGTH__)?__EEPROM_REGION_LENGTH__:0x10000
                [0x000000000000000a]                __FUSE_REGION_LENGTH__ = DEFINED (__FUSE_REGION_LENGTH__)?__FUSE_REGION_LENGTH__:0x400
                0x0000000000000400                __LOCK_REGION_LENGTH__ = DEFINED (__LOCK_REGION_LENGTH__)?__LOCK_REGION_LENGTH__:0x400
                0x0000000000000400                __SIGNATURE_REGION_LENGTH__ = DEFINED (__SIGNATURE_REGION_LENGTH__)?__SIGNATURE_REGION_LENGTH__:0x400
                0x0000000000000400                __USER_SIGNATURE_REGION_LENGTH__ = DEFINED (__USER_SIGNATURE_REGION_LENGTH__)?__USER_SIGNATURE_REGION_LENGTH__:0x400
                0x0000000000008000                __RODATA_PM_OFFSET__ = DEFINED (__RODATA_PM_OFFSET__)?__RODATA_PM_OFFSET__:0x8000
                0x0000000000000400                __BOOTROW_REGION_LENGTH__ = DEFINED (__BOOTROW_REGION_LENGTH__)?__BOOTROW_REGION_LENGTH__:0x400

.hash
 *(.hash)

.dynsym
 *(.dynsym)

.dynstr
 *(.dynstr)

.gnu.version
 *(.gnu.version)

.gnu.version_d
 *(.gnu.version_d)

.gnu.version_r
 *(.gnu.version_r)

.rel.init
 *(.rel.init)

.rela.init
 *(.rela.init)

.rel.text
 *(.rel.text)
 *(.rel.text.*)
 *(.rel.gnu.linkonce.t*)

.rela.text
 *(.rela.text)
 *(.rela.text.*)
 *(.rela.gnu.linkonce.t*)

.rel.fini
 *(.rel.fini)

.rela.fini
 *(.rela.fini)

.rel.rodata
 *(.rel.rodata)
 *(.rel.rodata.*)
 *(.rel.gnu.linkonce.r*)

.rela.rodata
 *(.rela.rodata)
 *(.rela.rodata.*)
 *(.rela.gnu.linkonce.r*)

.rel.data
 *(.rel.data)
 *(.rel.data.*)
 *(.rel.gnu.linkonce.d*)

.rela.data
 *(.rela.data)
 *(.rela.data.*)
 *(.rela.gnu.linkonce.d*)

.rel.ctors
 *(.rel.ctors)

.rela.ctors
 *(.rela.ctors)

.rel.dtors
 *(.rel.dtors)

.rela.dtors
 *(.rela.dtors)

.rel.got
 *(.rel.got)

.rela.got
 *(.rela.got)

.rel.bss
 *(.rel.bss)

.rela.bss
 *(.rela.bss)

.rel.plt
 *(.rel.plt)

.rela.plt
 *(.rela.plt)

.text           0x0000000000000000       0xf6
 *(.vectors)
 .vectors       0x0000000000000000       0x90 C:/Users/apknu/.mchp_packs/Microchip/ATmega_DFP/3.2.269/xc8/avr/lib/avrxmega3/crtatmega3208.o
                0x0000000000000000                __vector_default
                0x0000000000000000                __vectors
 *(.vectors)
 *(.progmem.gcc*)
 *(.dinit)
 .dinit         0x0000000000000090       0x11 data_init
                0x00000000000000a2                . = ALIGN (0x2)
 *fill*         0x00000000000000a1        0x1 
                0x00000000000000a2                __trampolines_start = .
 *(.trampolines)
 .trampolines   0x00000000000000a2        0x0 linker stubs
 *(.trampolines*)
                0x00000000000000a2                __trampolines_end = .
 *libprintf_flt.a:*(.progmem.data)
 *libc.a:*(.progmem.data)
                0x00000000000000a2                . = ALIGN (0x2)
 *(.jumptables)
 *(.jumptables*)
 *(.lowtext)
 *(.lowtext*)
                0x00000000000000a2                __ctors_start = .
 *(.ctors)
                0x00000000000000a2                __ctors_end = .
                0x00000000000000a2                __dtors_start = .
 *(.dtors)
                0x00000000000000a2                __dtors_end = .
 SORT(*)(.ctors)
 SORT(*)(.dtors)
 *(.init0)
 .init0         0x00000000000000a2        0x0 C:/Users/apknu/.mchp_packs/Microchip/ATmega_DFP/3.2.269/xc8/avr/lib/avrxmega3/crtatmega3208.o
                0x00000000000000a2                __init
 *(.init0)
 *(.init1)
 *(.init1)
 *(.init2)
 .init2         0x00000000000000a2        0xc C:/Users/apknu/.mchp_packs/Microchip/ATmega_DFP/3.2.269/xc8/avr/lib/avrxmega3/crtatmega3208.o
 *(.init2)
 *(.init3)
 *(.init3)
 *(.init4)
 .init4         0x00000000000000ae       0x3c c:/program files/microchip/xc8/v2.45/avr/bin/../lib/gcc/avr/5.4.0/avrxmega3\libgcc.a(_copy_data.o)
                0x00000000000000ae                __do_copy_data
                0x00000000000000dc                __do_clear_bss
 *(.init4)
 *(.init5)
 *(.init5)
 *(.init6)
 *(.init6)
 *(.init7)
 *(.init7)
 *(.init8)
 *(.init8)
 *(.init9)
 .init9         0x00000000000000ea        0x8 C:/Users/apknu/.mchp_packs/Microchip/ATmega_DFP/3.2.269/xc8/avr/lib/avrxmega3/crtatmega3208.o
 *(.init9)
                0x00000000000000f2                . = ALIGN (0x2)
 *(.fini9)
 .fini9         0x00000000000000f2        0x0 c:/program files/microchip/xc8/v2.45/avr/bin/../lib/gcc/avr/5.4.0/avrxmega3\libgcc.a(_exit.o)
                0x00000000000000f2                _exit
 *(.fini9)
 *(.fini8)
 *(.fini8)
 *(.fini7)
 *(.fini7)
 *(.fini6)
 *(.fini6)
 *(.fini5)
 *(.fini5)
 *(.fini4)
 *(.fini4)
 *(.fini3)
 *(.fini3)
 *(.fini2)
 *(.fini2)
 *(.fini1)
 *(.fini1)
 *(.fini0)
 .fini0         0x00000000000000f2        0x4 c:/program files/microchip/xc8/v2.45/avr/bin/../lib/gcc/avr/5.4.0/avrxmega3\libgcc.a(_exit.o)
 *(.fini0)
                0x00000000000000f6                _etext = .

.data           0x0000000000803000        0x0 load address 0x00000000000000f6
                [!provide]                        PROVIDE (__data_start, .)
 *(.gnu.linkonce.d*)
                0x0000000000803000                . = ALIGN (0x2)
                0x0000000000803000                _edata = .
                [!provide]                        PROVIDE (__data_end, .)

.bss            0x0000000000803000        0x2
                [!provide]                        PROVIDE (__bss_start, .)
 *(COMMON)
 COMMON         0x0000000000803000        0x2 c:/program files/microchip/xc8/v2.45/avr/bin/../lib/gcc/avr/5.4.0/../../../../avr/lib/avrxmega3\libc.a(errno.o)
                0x0000000000803000                __errno_val
                [!provide]                        PROVIDE (__bss_end, .)
                0x00000000000000f6                __data_load_start = LOADADDR (.data)
                0x00000000000000f6                __data_load_end = (__data_load_start + SIZEOF (.data))

.noinit         0x0000000000803002        0x0
                [!provide]                        PROVIDE (__noinit_start, .)
 *(.noinit*)
                [!provide]                        PROVIDE (__noinit_end, .)
                0x0000000000803002                _end = .

.eeprom         0x0000000000810000        0x0
 *(.eeprom*)
                0x0000000000810000                __eeprom_end = .

.fuse
 *(.fuse)
 *(.lfuse)
 *(.hfuse)
 *(.efuse)

.lock
 *(.lock*)

.signature
 *(.signature*)

.user_signatures
 *(.user_signatures*)

.bootrow
 *(.bootrow*)

.stab
 *(.stab)

.stabstr
 *(.stabstr)

.stab.excl
 *(.stab.excl)

.stab.exclstr
 *(.stab.exclstr)

.stab.index
 *(.stab.index)

.stab.indexstr
 *(.stab.indexstr)

.comment        0x0000000000000000       0x5b
 *(.comment)
 .comment       0x0000000000000000       0x2f build/default/debug/muscle.o
                                         0x30 (size before relaxing)
 .comment       0x000000000000002f       0x30 build/default/debug/max30102.o
 .comment       0x000000000000002f       0x30 build/default/debug/bluetooth.o
 .comment       0x000000000000002f       0x30 build/default/debug/button_led.o
 .comment       0x000000000000002f       0x30 build/default/debug/max30102_math.o
 .comment       0x000000000000002f       0x30 build/default/debug/newavr-main.o
 .comment       0x000000000000002f       0x2c c:/program files/microchip/xc8/v2.45/avr/bin/../lib/gcc/avr/5.4.0/../../../../avr/lib/avrxmega3\libc.a(exit.o)
                                         0x2d (size before relaxing)
 .comment       0x000000000000005b       0x2d c:/program files/microchip/xc8/v2.45/avr/bin/../lib/gcc/avr/5.4.0/../../../../avr/lib/avrxmega3\libc.a(__sio_snprintf_doux.o)
 .comment       0x000000000000005b       0x2d c:/program files/microchip/xc8/v2.45/avr/bin/../lib/gcc/avr/5.4.0/../../../../avr/lib/avrxmega3\libc.a(__int_vsnprintf.o)
 .comment       0x000000000000005b       0x2d c:/program files/microchip/xc8/v2.45/avr/bin/../lib/gcc/avr/5.4.0/../../../../avr/lib/avrxmega3\libc.a(__fmt_d.o)
 .comment       0x000000000000005b       0x2d c:/program files/microchip/xc8/v2.45/avr/bin/../lib/gcc/avr/5.4.0/../../../../avr/lib/avrxmega3\libc.a(__fmt_o.o)
 .comment       0x000000000000005b       0x2d c:/program files/microchip/xc8/v2.45/avr/bin/../lib/gcc/avr/5.4.0/../../../../avr/lib/avrxmega3\libc.a(__fmt_s.o)
 .comment       0x000000000000005b       0x2d c:/program files/microchip/xc8/v2.45/avr/bin/../lib/gcc/avr/5.4.0/../../../../avr/lib/avrxmega3\libc.a(__fmt_u.o)
 .comment       0x000000000000005b       0x2d c:/program files/microchip/xc8/v2.45/avr/bin/../lib/gcc/avr/5.4.0/../../../../avr/lib/avrxmega3\libc.a(__fmt_x.o)
 .comment       0x000000000000005b       0x2d c:/program files/microchip/xc8/v2.45/avr/bin/../lib/gcc/avr/5.4.0/../../../../avr/lib/avrxmega3\libc.a(__pop_int.o)
 .comment       0x000000000000005b       0x2d c:/program files/microchip/xc8/v2.45/avr/bin/../lib/gcc/avr/5.4.0/../../../../avr/lib/avrxmega3\libc.a(__printf_core.o)
 .comment       0x000000000000005b       0x2d c:/program files/microchip/xc8/v2.45/avr/bin/../lib/gcc/avr/5.4.0/../../../../avr/lib/avrxmega3\libc.a(fputc.o)
 .comment       0x000000000000005b       0x2d c:/program files/microchip/xc8/v2.45/avr/bin/../lib/gcc/avr/5.4.0/../../../../avr/lib/avrxmega3\libc.a(strcmp.o)
 .comment       0x000000000000005b       0x2d c:/program files/microchip/xc8/v2.45/avr/bin/../lib/gcc/avr/5.4.0/../../../../avr/lib/avrxmega3\libc.a(strlen.o)
 .comment       0x000000000000005b       0x2d c:/program files/microchip/xc8/v2.45/avr/bin/../lib/gcc/avr/5.4.0/../../../../avr/lib/avrxmega3\libc.a(strcat.o)
 .comment       0x000000000000005b       0x2d c:/program files/microchip/xc8/v2.45/avr/bin/../lib/gcc/avr/5.4.0/../../../../avr/lib/avrxmega3\libc.a(tolower.o)
 .comment       0x000000000000005b       0x2d c:/program files/microchip/xc8/v2.45/avr/bin/../lib/gcc/avr/5.4.0/../../../../avr/lib/avrxmega3\libc.a(toupper.o)
 .comment       0x000000000000005b       0x2d c:/program files/microchip/xc8/v2.45/avr/bin/../lib/gcc/avr/5.4.0/../../../../avr/lib/avrxmega3\libc.a(errno.o)
 .comment       0x000000000000005b       0x2d c:/program files/microchip/xc8/v2.45/avr/bin/../lib/gcc/avr/5.4.0/../../../../avr/lib/avrxmega3\libc.a(_Exit.o)
 .comment       0x000000000000005b       0x2d c:/program files/microchip/xc8/v2.45/avr/bin/../lib/gcc/avr/5.4.0/../../../../avr/lib/avrxmega3\libc.a(__int_vfprintf.o)
 .comment       0x000000000000005b       0x2d c:/program files/microchip/xc8/v2.45/avr/bin/../lib/gcc/avr/5.4.0/../../../../avr/lib/avrxmega3\libc.a(strcpy.o)

.stack.descriptors.hdr
                0x0000000000000000      0x230
 .stack.descriptors.hdr
                0x0000000000000000        0xe c:/program files/microchip/xc8/v2.45/avr/bin/../lib/gcc/avr/5.4.0/../../../../avr/lib/avrxmega3\libm.a(addsf3.o)
 .stack.descriptors.hdr
                0x000000000000000e        0xe c:/program files/microchip/xc8/v2.45/avr/bin/../lib/gcc/avr/5.4.0/../../../../avr/lib/avrxmega3\libm.a(addsf3x.o)
 .stack.descriptors.hdr
                0x000000000000001c        0xe c:/program files/microchip/xc8/v2.45/avr/bin/../lib/gcc/avr/5.4.0/../../../../avr/lib/avrxmega3\libm.a(cmpsf2.o)
 .stack.descriptors.hdr
                0x000000000000002a        0xe c:/program files/microchip/xc8/v2.45/avr/bin/../lib/gcc/avr/5.4.0/../../../../avr/lib/avrxmega3\libm.a(divsf3.o)
 .stack.descriptors.hdr
                0x0000000000000038        0xe c:/program files/microchip/xc8/v2.45/avr/bin/../lib/gcc/avr/5.4.0/../../../../avr/lib/avrxmega3\libm.a(divsf3x.o)
 .stack.descriptors.hdr
                0x0000000000000046        0xe c:/program files/microchip/xc8/v2.45/avr/bin/../lib/gcc/avr/5.4.0/../../../../avr/lib/avrxmega3\libm.a(fixunssfsi.o)
 .stack.descriptors.hdr
                0x0000000000000054        0xe c:/program files/microchip/xc8/v2.45/avr/bin/../lib/gcc/avr/5.4.0/../../../../avr/lib/avrxmega3\libm.a(floatsisf.o)
 .stack.descriptors.hdr
                0x0000000000000062        0xe c:/program files/microchip/xc8/v2.45/avr/bin/../lib/gcc/avr/5.4.0/../../../../avr/lib/avrxmega3\libm.a(fp_cmp.o)
 .stack.descriptors.hdr
                0x0000000000000070        0xe c:/program files/microchip/xc8/v2.45/avr/bin/../lib/gcc/avr/5.4.0/../../../../avr/lib/avrxmega3\libm.a(fp_inf.o)
 .stack.descriptors.hdr
                0x000000000000007e        0xe c:/program files/microchip/xc8/v2.45/avr/bin/../lib/gcc/avr/5.4.0/../../../../avr/lib/avrxmega3\libm.a(fp_nan.o)
 .stack.descriptors.hdr
                0x000000000000008c        0xe c:/program files/microchip/xc8/v2.45/avr/bin/../lib/gcc/avr/5.4.0/../../../../avr/lib/avrxmega3\libm.a(fp_pscA.o)
 .stack.descriptors.hdr
                0x000000000000009a        0xe c:/program files/microchip/xc8/v2.45/avr/bin/../lib/gcc/avr/5.4.0/../../../../avr/lib/avrxmega3\libm.a(fp_pscB.o)
 .stack.descriptors.hdr
                0x00000000000000a8        0xe c:/program files/microchip/xc8/v2.45/avr/bin/../lib/gcc/avr/5.4.0/../../../../avr/lib/avrxmega3\libm.a(fp_round.o)
 .stack.descriptors.hdr
                0x00000000000000b6        0xe c:/program files/microchip/xc8/v2.45/avr/bin/../lib/gcc/avr/5.4.0/../../../../avr/lib/avrxmega3\libm.a(fp_split3.o)
 .stack.descriptors.hdr
                0x00000000000000c4        0xe c:/program files/microchip/xc8/v2.45/avr/bin/../lib/gcc/avr/5.4.0/../../../../avr/lib/avrxmega3\libm.a(fp_zero.o)
 .stack.descriptors.hdr
                0x00000000000000d2        0xe c:/program files/microchip/xc8/v2.45/avr/bin/../lib/gcc/avr/5.4.0/../../../../avr/lib/avrxmega3\libm.a(gesf2.o)
 .stack.descriptors.hdr
                0x00000000000000e0        0xe c:/program files/microchip/xc8/v2.45/avr/bin/../lib/gcc/avr/5.4.0/../../../../avr/lib/avrxmega3\libm.a(mulsf3.o)
 .stack.descriptors.hdr
                0x00000000000000ee        0xe c:/program files/microchip/xc8/v2.45/avr/bin/../lib/gcc/avr/5.4.0/../../../../avr/lib/avrxmega3\libm.a(mulsf3x.o)
 .stack.descriptors.hdr
                0x00000000000000fc        0xe c:/program files/microchip/xc8/v2.45/avr/bin/../lib/gcc/avr/5.4.0/avrxmega3\libgcc.a(_udivmodsi4.o)
 .stack.descriptors.hdr
                0x000000000000010a        0xe c:/program files/microchip/xc8/v2.45/avr/bin/../lib/gcc/avr/5.4.0/../../../../avr/lib/avrxmega3\libc.a(exit.o)
 .stack.descriptors.hdr
                0x0000000000000118        0xe c:/program files/microchip/xc8/v2.45/avr/bin/../lib/gcc/avr/5.4.0/../../../../avr/lib/avrxmega3\libc.a(__sio_snprintf_doux.o)
 .stack.descriptors.hdr
                0x0000000000000126        0xe c:/program files/microchip/xc8/v2.45/avr/bin/../lib/gcc/avr/5.4.0/../../../../avr/lib/avrxmega3\libc.a(__int_vsnprintf.o)
 .stack.descriptors.hdr
                0x0000000000000134        0xe c:/program files/microchip/xc8/v2.45/avr/bin/../lib/gcc/avr/5.4.0/../../../../avr/lib/avrxmega3\libc.a(__fmt_d.o)
 .stack.descriptors.hdr
                0x0000000000000142        0xe c:/program files/microchip/xc8/v2.45/avr/bin/../lib/gcc/avr/5.4.0/../../../../avr/lib/avrxmega3\libc.a(__fmt_o.o)
 .stack.descriptors.hdr
                0x0000000000000150        0xe c:/program files/microchip/xc8/v2.45/avr/bin/../lib/gcc/avr/5.4.0/../../../../avr/lib/avrxmega3\libc.a(__fmt_s.o)
 .stack.descriptors.hdr
                0x000000000000015e        0xe c:/program files/microchip/xc8/v2.45/avr/bin/../lib/gcc/avr/5.4.0/../../../../avr/lib/avrxmega3\libc.a(__fmt_u.o)
 .stack.descriptors.hdr
                0x000000000000016c        0xe c:/program files/microchip/xc8/v2.45/avr/bin/../lib/gcc/avr/5.4.0/../../../../avr/lib/avrxmega3\libc.a(__fmt_x.o)
 .stack.descriptors.hdr
                0x000000000000017a        0xe c:/program files/microchip/xc8/v2.45/avr/bin/../lib/gcc/avr/5.4.0/../../../../avr/lib/avrxmega3\libc.a(__pop_int.o)
 .stack.descriptors.hdr
                0x0000000000000188        0xe c:/program files/microchip/xc8/v2.45/avr/bin/../lib/gcc/avr/5.4.0/../../../../avr/lib/avrxmega3\libc.a(__printf_core.o)
 .stack.descriptors.hdr
                0x0000000000000196        0xe c:/program files/microchip/xc8/v2.45/avr/bin/../lib/gcc/avr/5.4.0/../../../../avr/lib/avrxmega3\libc.a(fputc.o)
 .stack.descriptors.hdr
                0x00000000000001a4        0xe c:/program files/microchip/xc8/v2.45/avr/bin/../lib/gcc/avr/5.4.0/../../../../avr/lib/avrxmega3\libc.a(strcmp.o)
 .stack.descriptors.hdr
                0x00000000000001b2        0xe c:/program files/microchip/xc8/v2.45/avr/bin/../lib/gcc/avr/5.4.0/../../../../avr/lib/avrxmega3\libc.a(strlen.o)
 .stack.descriptors.hdr
                0x00000000000001c0        0xe c:/program files/microchip/xc8/v2.45/avr/bin/../lib/gcc/avr/5.4.0/../../../../avr/lib/avrxmega3\libc.a(strcat.o)
 .stack.descriptors.hdr
                0x00000000000001ce        0xe c:/program files/microchip/xc8/v2.45/avr/bin/../lib/gcc/avr/5.4.0/../../../../avr/lib/avrxmega3\libc.a(tolower.o)
 .stack.descriptors.hdr
                0x00000000000001dc        0xe c:/program files/microchip/xc8/v2.45/avr/bin/../lib/gcc/avr/5.4.0/../../../../avr/lib/avrxmega3\libc.a(toupper.o)
 .stack.descriptors.hdr
                0x00000000000001ea        0xe c:/program files/microchip/xc8/v2.45/avr/bin/../lib/gcc/avr/5.4.0/../../../../avr/lib/avrxmega3\libc.a(errno.o)
 .stack.descriptors.hdr
                0x00000000000001f8        0xe c:/program files/microchip/xc8/v2.45/avr/bin/../lib/gcc/avr/5.4.0/../../../../avr/lib/avrxmega3\libc.a(_Exit.o)
 .stack.descriptors.hdr
                0x0000000000000206        0xe c:/program files/microchip/xc8/v2.45/avr/bin/../lib/gcc/avr/5.4.0/../../../../avr/lib/avrxmega3\libc.a(__int_vfprintf.o)
 .stack.descriptors.hdr
                0x0000000000000214        0xe c:/program files/microchip/xc8/v2.45/avr/bin/../lib/gcc/avr/5.4.0/../../../../avr/lib/avrxmega3\libc.a(strcpy.o)
 .stack.descriptors.hdr
                0x0000000000000222        0xe c:/program files/microchip/xc8/v2.45/avr/bin/../lib/gcc/avr/5.4.0/avrxmega3\libgcc.a(_exit.o)

.note.GNU-stack
                0x0000000000000000        0x0
 .note.GNU-stack
                0x0000000000000000        0x0 c:/program files/microchip/xc8/v2.45/avr/bin/../lib/gcc/avr/5.4.0/../../../../avr/lib/avrxmega3\libm.a(addsf3.o)
 .note.GNU-stack
                0x0000000000000000        0x0 c:/program files/microchip/xc8/v2.45/avr/bin/../lib/gcc/avr/5.4.0/../../../../avr/lib/avrxmega3\libm.a(addsf3x.o)
 .note.GNU-stack
                0x0000000000000000        0x0 c:/program files/microchip/xc8/v2.45/avr/bin/../lib/gcc/avr/5.4.0/../../../../avr/lib/avrxmega3\libm.a(cmpsf2.o)
 .note.GNU-stack
                0x0000000000000000        0x0 c:/program files/microchip/xc8/v2.45/avr/bin/../lib/gcc/avr/5.4.0/../../../../avr/lib/avrxmega3\libm.a(divsf3.o)
 .note.GNU-stack
                0x0000000000000000        0x0 c:/program files/microchip/xc8/v2.45/avr/bin/../lib/gcc/avr/5.4.0/../../../../avr/lib/avrxmega3\libm.a(divsf3x.o)
 .note.GNU-stack
                0x0000000000000000        0x0 c:/program files/microchip/xc8/v2.45/avr/bin/../lib/gcc/avr/5.4.0/../../../../avr/lib/avrxmega3\libm.a(fixunssfsi.o)
 .note.GNU-stack
                0x0000000000000000        0x0 c:/program files/microchip/xc8/v2.45/avr/bin/../lib/gcc/avr/5.4.0/../../../../avr/lib/avrxmega3\libm.a(floatsisf.o)
 .note.GNU-stack
                0x0000000000000000        0x0 c:/program files/microchip/xc8/v2.45/avr/bin/../lib/gcc/avr/5.4.0/../../../../avr/lib/avrxmega3\libm.a(fp_cmp.o)
 .note.GNU-stack
                0x0000000000000000        0x0 c:/program files/microchip/xc8/v2.45/avr/bin/../lib/gcc/avr/5.4.0/../../../../avr/lib/avrxmega3\libm.a(fp_inf.o)
 .note.GNU-stack
                0x0000000000000000        0x0 c:/program files/microchip/xc8/v2.45/avr/bin/../lib/gcc/avr/5.4.0/../../../../avr/lib/avrxmega3\libm.a(fp_nan.o)
 .note.GNU-stack
                0x0000000000000000        0x0 c:/program files/microchip/xc8/v2.45/avr/bin/../lib/gcc/avr/5.4.0/../../../../avr/lib/avrxmega3\libm.a(fp_pscA.o)
 .note.GNU-stack
                0x0000000000000000        0x0 c:/program files/microchip/xc8/v2.45/avr/bin/../lib/gcc/avr/5.4.0/../../../../avr/lib/avrxmega3\libm.a(fp_pscB.o)
 .note.GNU-stack
                0x0000000000000000        0x0 c:/program files/microchip/xc8/v2.45/avr/bin/../lib/gcc/avr/5.4.0/../../../../avr/lib/avrxmega3\libm.a(fp_round.o)
 .note.GNU-stack
                0x0000000000000000        0x0 c:/program files/microchip/xc8/v2.45/avr/bin/../lib/gcc/avr/5.4.0/../../../../avr/lib/avrxmega3\libm.a(fp_split3.o)
 .note.GNU-stack
                0x0000000000000000        0x0 c:/program files/microchip/xc8/v2.45/avr/bin/../lib/gcc/avr/5.4.0/../../../../avr/lib/avrxmega3\libm.a(fp_zero.o)
 .note.GNU-stack
                0x0000000000000000        0x0 c:/program files/microchip/xc8/v2.45/avr/bin/../lib/gcc/avr/5.4.0/../../../../avr/lib/avrxmega3\libm.a(gesf2.o)
 .note.GNU-stack
                0x0000000000000000        0x0 c:/program files/microchip/xc8/v2.45/avr/bin/../lib/gcc/avr/5.4.0/../../../../avr/lib/avrxmega3\libm.a(mulsf3.o)
 .note.GNU-stack
                0x0000000000000000        0x0 c:/program files/microchip/xc8/v2.45/avr/bin/../lib/gcc/avr/5.4.0/../../../../avr/lib/avrxmega3\libm.a(mulsf3x.o)
 .note.GNU-stack
                0x0000000000000000        0x0 c:/program files/microchip/xc8/v2.45/avr/bin/../lib/gcc/avr/5.4.0/../../../../avr/lib/avrxmega3\libc.a(exit.o)
 .note.GNU-stack
                0x0000000000000000        0x0 c:/program files/microchip/xc8/v2.45/avr/bin/../lib/gcc/avr/5.4.0/../../../../avr/lib/avrxmega3\libc.a(__sio_snprintf_doux.o)
 .note.GNU-stack
                0x0000000000000000        0x0 c:/program files/microchip/xc8/v2.45/avr/bin/../lib/gcc/avr/5.4.0/../../../../avr/lib/avrxmega3\libc.a(__int_vsnprintf.o)
 .note.GNU-stack
                0x0000000000000000        0x0 c:/program files/microchip/xc8/v2.45/avr/bin/../lib/gcc/avr/5.4.0/../../../../avr/lib/avrxmega3\libc.a(__fmt_d.o)
 .note.GNU-stack
                0x0000000000000000        0x0 c:/program files/microchip/xc8/v2.45/avr/bin/../lib/gcc/avr/5.4.0/../../../../avr/lib/avrxmega3\libc.a(__fmt_o.o)
 .note.GNU-stack
                0x0000000000000000        0x0 c:/program files/microchip/xc8/v2.45/avr/bin/../lib/gcc/avr/5.4.0/../../../../avr/lib/avrxmega3\libc.a(__fmt_s.o)
 .note.GNU-stack
                0x0000000000000000        0x0 c:/program files/microchip/xc8/v2.45/avr/bin/../lib/gcc/avr/5.4.0/../../../../avr/lib/avrxmega3\libc.a(__fmt_u.o)
 .note.GNU-stack
                0x0000000000000000        0x0 c:/program files/microchip/xc8/v2.45/avr/bin/../lib/gcc/avr/5.4.0/../../../../avr/lib/avrxmega3\libc.a(__fmt_x.o)
 .note.GNU-stack
                0x0000000000000000        0x0 c:/program files/microchip/xc8/v2.45/avr/bin/../lib/gcc/avr/5.4.0/../../../../avr/lib/avrxmega3\libc.a(__pop_int.o)
 .note.GNU-stack
                0x0000000000000000        0x0 c:/program files/microchip/xc8/v2.45/avr/bin/../lib/gcc/avr/5.4.0/../../../../avr/lib/avrxmega3\libc.a(__printf_core.o)
 .note.GNU-stack
                0x0000000000000000        0x0 c:/program files/microchip/xc8/v2.45/avr/bin/../lib/gcc/avr/5.4.0/../../../../avr/lib/avrxmega3\libc.a(fputc.o)
 .note.GNU-stack
                0x0000000000000000        0x0 c:/program files/microchip/xc8/v2.45/avr/bin/../lib/gcc/avr/5.4.0/../../../../avr/lib/avrxmega3\libc.a(strcmp.o)
 .note.GNU-stack
                0x0000000000000000        0x0 c:/program files/microchip/xc8/v2.45/avr/bin/../lib/gcc/avr/5.4.0/../../../../avr/lib/avrxmega3\libc.a(strlen.o)
 .note.GNU-stack
                0x0000000000000000        0x0 c:/program files/microchip/xc8/v2.45/avr/bin/../lib/gcc/avr/5.4.0/../../../../avr/lib/avrxmega3\libc.a(strcat.o)
 .note.GNU-stack
                0x0000000000000000        0x0 c:/program files/microchip/xc8/v2.45/avr/bin/../lib/gcc/avr/5.4.0/../../../../avr/lib/avrxmega3\libc.a(tolower.o)
 .note.GNU-stack
                0x0000000000000000        0x0 c:/program files/microchip/xc8/v2.45/avr/bin/../lib/gcc/avr/5.4.0/../../../../avr/lib/avrxmega3\libc.a(toupper.o)
 .note.GNU-stack
                0x0000000000000000        0x0 c:/program files/microchip/xc8/v2.45/avr/bin/../lib/gcc/avr/5.4.0/../../../../avr/lib/avrxmega3\libc.a(errno.o)
 .note.GNU-stack
                0x0000000000000000        0x0 c:/program files/microchip/xc8/v2.45/avr/bin/../lib/gcc/avr/5.4.0/../../../../avr/lib/avrxmega3\libc.a(_Exit.o)
 .note.GNU-stack
                0x0000000000000000        0x0 c:/program files/microchip/xc8/v2.45/avr/bin/../lib/gcc/avr/5.4.0/../../../../avr/lib/avrxmega3\libc.a(__int_vfprintf.o)
 .note.GNU-stack
                0x0000000000000000        0x0 c:/program files/microchip/xc8/v2.45/avr/bin/../lib/gcc/avr/5.4.0/../../../../avr/lib/avrxmega3\libc.a(strcpy.o)

.note.gnu.build-id
 *(.note.gnu.build-id)

.debug
 *(.debug)

.line
 *(.line)

.debug_srcinfo
 *(.debug_srcinfo)

.debug_sfnames
 *(.debug_sfnames)

.debug_aranges  0x0000000000000000      0x1b0
 *(.debug_aranges)
 .debug_aranges
                0x0000000000000000       0x28 build/default/debug/muscle.o
 .debug_aranges
                0x0000000000000028       0x60 build/default/debug/max30102.o
 .debug_aranges
                0x0000000000000088       0x50 build/default/debug/bluetooth.o
 .debug_aranges
                0x00000000000000d8       0x30 build/default/debug/button_led.o
 .debug_aranges
                0x0000000000000108       0x40 build/default/debug/max30102_math.o
 .debug_aranges
                0x0000000000000148       0x68 build/default/debug/newavr-main.o

.debug_pubnames
 *(.debug_pubnames)

.debug_info     0x0000000000000000     0x6823
 *(.debug_info .gnu.linkonce.wi.*)
 .debug_info    0x0000000000000000     0x25a7 C:/Users/apknu/.mchp_packs/Microchip/ATmega_DFP/3.2.269/xc8/avr/lib/avrxmega3/crtatmega3208.o
 .debug_info    0x00000000000025a7      0xa9c build/default/debug/muscle.o
 .debug_info    0x0000000000003043      0xc21 build/default/debug/max30102.o
 .debug_info    0x0000000000003c64      0xcb5 build/default/debug/bluetooth.o
 .debug_info    0x0000000000004919      0x599 build/default/debug/button_led.o
 .debug_info    0x0000000000004eb2      0x7e2 build/default/debug/max30102_math.o
 .debug_info    0x0000000000005694     0x118f build/default/debug/newavr-main.o

.debug_abbrev   0x0000000000000000     0x2d2b
 *(.debug_abbrev)
 .debug_abbrev  0x0000000000000000     0x23a4 C:/Users/apknu/.mchp_packs/Microchip/ATmega_DFP/3.2.269/xc8/avr/lib/avrxmega3/crtatmega3208.o
 .debug_abbrev  0x00000000000023a4      0x13e build/default/debug/muscle.o
 .debug_abbrev  0x00000000000024e2      0x1ae build/default/debug/max30102.o
 .debug_abbrev  0x0000000000002690      0x221 build/default/debug/bluetooth.o
 .debug_abbrev  0x00000000000028b1       0xda build/default/debug/button_led.o
 .debug_abbrev  0x000000000000298b      0x150 build/default/debug/max30102_math.o
 .debug_abbrev  0x0000000000002adb      0x250 build/default/debug/newavr-main.o

.debug_line     0x0000000000000000     0x13fb
 *(.debug_line .debug_line.* .debug_line_end)
 .debug_line    0x0000000000000000      0x16f C:/Users/apknu/.mchp_packs/Microchip/ATmega_DFP/3.2.269/xc8/avr/lib/avrxmega3/crtatmega3208.o
 .debug_line    0x000000000000016f      0x133 build/default/debug/muscle.o
 .debug_line    0x00000000000002a2      0x4a9 build/default/debug/max30102.o
 .debug_line    0x000000000000074b      0x35f build/default/debug/bluetooth.o
 .debug_line    0x0000000000000aaa      0x15f build/default/debug/button_led.o
 .debug_line    0x0000000000000c09      0x283 build/default/debug/max30102_math.o
 .debug_line    0x0000000000000e8c      0x56f build/default/debug/newavr-main.o

.debug_frame    0x0000000000000000      0x504
 *(.debug_frame)
 .debug_frame   0x0000000000000000       0x34 build/default/debug/muscle.o
 .debug_frame   0x0000000000000034       0xd0 build/default/debug/max30102.o
 .debug_frame   0x0000000000000104      0x138 build/default/debug/bluetooth.o
 .debug_frame   0x000000000000023c       0x44 build/default/debug/button_led.o
 .debug_frame   0x0000000000000280      0x104 build/default/debug/max30102_math.o
 .debug_frame   0x0000000000000384      0x180 build/default/debug/newavr-main.o

.debug_str      0x0000000000000000     0x1124
 *(.debug_str)
 .debug_str     0x0000000000000000      0xfdf C:/Users/apknu/.mchp_packs/Microchip/ATmega_DFP/3.2.269/xc8/avr/lib/avrxmega3/crtatmega3208.o
 .debug_str     0x0000000000000fdf       0x1f build/default/debug/muscle.o
 .debug_str     0x0000000000000ffe        0xb build/default/debug/max30102.o
 .debug_str     0x0000000000001009       0x14 build/default/debug/bluetooth.o
 .debug_str     0x000000000000101d        0x0 build/default/debug/button_led.o
 .debug_str     0x000000000000101d        0xb build/default/debug/max30102_math.o
 .debug_str     0x0000000000001028       0xfc build/default/debug/newavr-main.o

.debug_loc      0x0000000000000000      0x94b
 *(.debug_loc)
 .debug_loc     0x0000000000000000      0x200 build/default/debug/max30102.o
 .debug_loc     0x0000000000000200      0x247 build/default/debug/bluetooth.o
 .debug_loc     0x0000000000000447       0x3a build/default/debug/button_led.o
 .debug_loc     0x0000000000000481      0x327 build/default/debug/max30102_math.o
 .debug_loc     0x00000000000007a8      0x1a3 build/default/debug/newavr-main.o

.debug_macinfo
 *(.debug_macinfo)

.debug_weaknames
 *(.debug_weaknames)

.debug_funcnames
 *(.debug_funcnames)

.debug_typenames
 *(.debug_typenames)

.debug_varnames
 *(.debug_varnames)

.debug_pubtypes
 *(.debug_pubtypes)

.debug_ranges   0x0000000000000000      0x150
 *(.debug_ranges)
 .debug_ranges  0x0000000000000000       0x18 build/default/debug/muscle.o
 .debug_ranges  0x0000000000000018       0x50 build/default/debug/max30102.o
 .debug_ranges  0x0000000000000068       0x40 build/default/debug/bluetooth.o
 .debug_ranges  0x00000000000000a8       0x20 build/default/debug/button_led.o
 .debug_ranges  0x00000000000000c8       0x30 build/default/debug/max30102_math.o
 .debug_ranges  0x00000000000000f8       0x58 build/default/debug/newavr-main.o

.debug_macro
 *(.debug_macro)
OUTPUT(dist/default/debug/FitnessDevice_v2.X.debug.elf elf32-avr)
LOAD linker stubs
LOAD data_init

.note.gnu.avr.deviceinfo
                0x0000000000000000       0x40
 .note.gnu.avr.deviceinfo
                0x0000000000000000       0x40 C:/Users/apknu/.mchp_packs/Microchip/ATmega_DFP/3.2.269/xc8/avr/lib/avrxmega3/crtatmega3208.o

.bss.red_avg_reg.1647
                0x000000000080304a        0x4
 .bss.red_avg_reg.1647
                0x000000000080304a        0x4 build/default/debug/max30102_math.o

.bss.ir_avg_reg.1646
                0x000000000080304e        0x4
 .bss.ir_avg_reg.1646
                0x000000000080304e        0x4 build/default/debug/max30102_math.o

.bss.spo2_sample_count
                0x0000000000803052        0x4
 .bss.spo2_sample_count
                0x0000000000803052        0x4 build/default/debug/max30102_math.o
                0x0000000000803052                spo2_sample_count

.bss.spo2_running_average
                0x0000000000803056        0x4
 .bss.spo2_running_average
                0x0000000000803056        0x4 build/default/debug/max30102_math.o
                0x0000000000803056                spo2_running_average

.bss.offset     0x00000000008030ac        0x1
 .bss.offset    0x00000000008030ac        0x1 build/default/debug/max30102_math.o
                0x00000000008030ac                offset

.bss.cbuf       0x0000000000803002       0x40
 .bss.cbuf      0x0000000000803002       0x40 build/default/debug/max30102_math.o
                0x0000000000803002                cbuf

.bss.ir_avg_reg
                0x000000000080305a        0x4
 .bss.ir_avg_reg
                0x000000000080305a        0x4 build/default/debug/max30102_math.o
                0x000000000080305a                ir_avg_reg

.bss.negativeEdge
                0x000000000080309a        0x2
 .bss.negativeEdge
                0x000000000080309a        0x2 build/default/debug/max30102_math.o
                0x000000000080309a                negativeEdge

.bss.positiveEdge
                0x000000000080309c        0x2
 .bss.positiveEdge
                0x000000000080309c        0x2 build/default/debug/max30102_math.o
                0x000000000080309c                positiveEdge

.bss.IR_Average_Estimated
                0x000000000080309e        0x2
 .bss.IR_Average_Estimated
                0x000000000080309e        0x2 build/default/debug/max30102_math.o
                0x000000000080309e                IR_Average_Estimated

.bss.IR_AC_Signal_max
                0x00000000008030a0        0x2
 .bss.IR_AC_Signal_max
                0x00000000008030a0        0x2 build/default/debug/max30102_math.o
                0x00000000008030a0                IR_AC_Signal_max

.bss.IR_AC_Signal_min
                0x00000000008030a2        0x2
 .bss.IR_AC_Signal_min
                0x00000000008030a2        0x2 build/default/debug/max30102_math.o
                0x00000000008030a2                IR_AC_Signal_min

.bss.IR_AC_Signal_Previous
                0x00000000008030a4        0x2
 .bss.IR_AC_Signal_Previous
                0x00000000008030a4        0x2 build/default/debug/max30102_math.o
                0x00000000008030a4                IR_AC_Signal_Previous

.bss.IR_AC_Signal_Current
                0x00000000008030a6        0x2
 .bss.IR_AC_Signal_Current
                0x00000000008030a6        0x2 build/default/debug/max30102_math.o
                0x00000000008030a6                IR_AC_Signal_Current

.bss.milliseconds
                0x000000000080305e        0x4
 .bss.milliseconds
                0x000000000080305e        0x4 build/default/debug/newavr-main.o
                0x000000000080305e                milliseconds

.bss.reading_time
                0x0000000000803062        0x4
 .bss.reading_time
                0x0000000000803062        0x4 build/default/debug/newavr-main.o
                0x0000000000803062                reading_time

.bss.data_to_send
                0x0000000000803042        0x8
 .bss.data_to_send
                0x0000000000803042        0x8 build/default/debug/newavr-main.o
                0x0000000000803042                data_to_send

.bss.ir_below_threshold
                0x00000000008030ad        0x1
 .bss.ir_below_threshold
                0x00000000008030ad        0x1 build/default/debug/newavr-main.o
                0x00000000008030ad                ir_below_threshold

.bss.ir_start_time
                0x0000000000803066        0x4
 .bss.ir_start_time
                0x0000000000803066        0x4 build/default/debug/newavr-main.o
                0x0000000000803066                ir_start_time

.bss.rateSpot   0x00000000008030ae        0x1
 .bss.rateSpot  0x00000000008030ae        0x1 build/default/debug/newavr-main.o
                0x00000000008030ae                rateSpot

.bss.rates      0x000000000080306a        0x4
 .bss.rates     0x000000000080306a        0x4 build/default/debug/newavr-main.o
                0x000000000080306a                rates

.bss.beatsPerMinute
                0x000000000080306e        0x4
 .bss.beatsPerMinute
                0x000000000080306e        0x4 build/default/debug/newavr-main.o
                0x000000000080306e                beatsPerMinute

.bss.lastBeat   0x0000000000803072        0x4
 .bss.lastBeat  0x0000000000803072        0x4 build/default/debug/newavr-main.o
                0x0000000000803072                lastBeat

.bss.blood_oxygen
                0x0000000000803076        0x4
 .bss.blood_oxygen
                0x0000000000803076        0x4 build/default/debug/newavr-main.o
                0x0000000000803076                blood_oxygen

.bss.average_bpm
                0x000000000080307a        0x4
 .bss.average_bpm
                0x000000000080307a        0x4 build/default/debug/newavr-main.o
                0x000000000080307a                average_bpm

.bss.muscle_average
                0x000000000080307e        0x4
 .bss.muscle_average
                0x000000000080307e        0x4 build/default/debug/newavr-main.o
                0x000000000080307e                muscle_average

.bss.baseline_muscle_average
                0x0000000000803082        0x4
 .bss.baseline_muscle_average
                0x0000000000803082        0x4 build/default/debug/newavr-main.o
                0x0000000000803082                baseline_muscle_average

.bss.muscle_samples
                0x0000000000803086        0x4
 .bss.muscle_samples
                0x0000000000803086        0x4 build/default/debug/newavr-main.o
                0x0000000000803086                muscle_samples

.bss.muscle_sum
                0x000000000080308a        0x4
 .bss.muscle_sum
                0x000000000080308a        0x4 build/default/debug/newavr-main.o
                0x000000000080308a                muscle_sum

.bss.initialization_start_time
                0x000000000080308e        0x4
 .bss.initialization_start_time
                0x000000000080308e        0x4 build/default/debug/newavr-main.o
                0x000000000080308e                initialization_start_time

.bss.automatic_transition
                0x00000000008030af        0x1
 .bss.automatic_transition
                0x00000000008030af        0x1 build/default/debug/newavr-main.o
                0x00000000008030af                automatic_transition

.bss.is_vibrating
                0x00000000008030b0        0x1
 .bss.is_vibrating
                0x00000000008030b0        0x1 build/default/debug/newavr-main.o
                0x00000000008030b0                is_vibrating

.bss.vibrate_start_time
                0x0000000000803092        0x4
 .bss.vibrate_start_time
                0x0000000000803092        0x4 build/default/debug/newavr-main.o
                0x0000000000803092                vibrate_start_time

.bss.next_state
                0x00000000008030b1        0x1
 .bss.next_state
                0x00000000008030b1        0x1 build/default/debug/newavr-main.o
                0x00000000008030b1                next_state

.bss.state_change_pending
                0x00000000008030b2        0x1
 .bss.state_change_pending
                0x00000000008030b2        0x1 build/default/debug/newavr-main.o
                0x00000000008030b2                state_change_pending

.bss.button_press_time
                0x0000000000803096        0x4
 .bss.button_press_time
                0x0000000000803096        0x4 build/default/debug/newavr-main.o
                0x0000000000803096                button_press_time

.bss.device_state
                0x00000000008030b3        0x1
 .bss.device_state
                0x00000000008030b3        0x1 build/default/debug/newavr-main.o
                0x00000000008030b3                device_state

.text.vfpfcnvrt
                0x00000000000000f6      0x3fc
 .text.vfpfcnvrt
                0x00000000000000f6      0x3fc c:/program files/microchip/xc8/v2.45/avr/bin/../lib/gcc/avr/5.4.0/../../../../avr/lib/avrxmega3\libc.a(__printf_core.o)
                0x00000000000000f6                vfpfcnvrt

.text.sense_HRBO
                0x00000000000004f2      0x2c8
 .text.sense_HRBO
                0x00000000000004f2      0x2c8 build/default/debug/newavr-main.o
                0x00000000000004f2                sense_HRBO

.text.main      0x00000000000007ba      0x1f2
 .text.main     0x00000000000007ba      0x1f2 build/default/debug/newavr-main.o
                0x00000000000007ba                main

.text.__fmt_x   0x00000000000009ac      0x1dc
 .text.__fmt_x  0x00000000000009ac      0x1dc c:/program files/microchip/xc8/v2.45/avr/bin/../lib/gcc/avr/5.4.0/../../../../avr/lib/avrxmega3\libc.a(__fmt_x.o)
                0x00000000000009ac                __fmt_x_needed
                0x00000000000009ac                __fmt_x

.text.calculate_and_update_spo2
                0x0000000000000b88      0x1d8
 .text.calculate_and_update_spo2
                0x0000000000000b88      0x1d8 build/default/debug/max30102_math.o
                0x0000000000000b88                calculate_and_update_spo2

.text.__vector_6
                0x0000000000000d60      0x1ac
 .text.__vector_6
                0x0000000000000d60      0x1ac build/default/debug/newavr-main.o
                0x0000000000000d60                __vector_6

.text.collect_muscle_data
                0x0000000000000f0c      0x19c
 .text.collect_muscle_data
                0x0000000000000f0c      0x19c build/default/debug/newavr-main.o
                0x0000000000000f0c                collect_muscle_data

.text.check_for_beat
                0x00000000000010a8      0x13c
 .text.check_for_beat
                0x00000000000010a8      0x13c build/default/debug/max30102_math.o
                0x00000000000010a8                check_for_beat

.text.BLE_init  0x00000000000011e4      0x110
 .text.BLE_init
                0x00000000000011e4      0x110 build/default/debug/bluetooth.o
                0x00000000000011e4                BLE_init

.text.MAX30102_get_sample
                0x00000000000012f4       0xf8
 .text.MAX30102_get_sample
                0x00000000000012f4       0xf8 build/default/debug/max30102.o
                0x00000000000012f4                MAX30102_get_sample

.text.low_pass_FIR_filter
                0x00000000000013ec       0xe8
 .text.low_pass_FIR_filter
                0x00000000000013ec       0xe8 build/default/debug/max30102_math.o
                0x00000000000013ec                low_pass_FIR_filter

.text.__fmt_d   0x00000000000014d4       0xe4
 .text.__fmt_d  0x00000000000014d4       0xe4 c:/program files/microchip/xc8/v2.45/avr/bin/../lib/gcc/avr/5.4.0/../../../../avr/lib/avrxmega3\libc.a(__fmt_d.o)
                0x00000000000014d4                __fmt_d
                0x00000000000014d4                __fmt_d_needed

.text           0x00000000000015b8       0xde
 .text          0x00000000000015b8       0xde c:/program files/microchip/xc8/v2.45/avr/bin/../lib/gcc/avr/5.4.0/../../../../avr/lib/avrxmega3\libm.a(divsf3x.o)
                0x00000000000015b8                __divsf3x
                0x00000000000015e0                __divsf3_pse

.text           0x0000000000001696       0xd4
 .text          0x0000000000001696       0xd4 c:/program files/microchip/xc8/v2.45/avr/bin/../lib/gcc/avr/5.4.0/../../../../avr/lib/avrxmega3\libm.a(mulsf3x.o)
                0x0000000000001696                __mulsf3x
                0x00000000000016bc                __mulsf3_pse

.text.__pop_int
                0x000000000000176a       0xd0
 .text.__pop_int
                0x000000000000176a       0xd0 c:/program files/microchip/xc8/v2.45/avr/bin/../lib/gcc/avr/5.4.0/../../../../avr/lib/avrxmega3\libc.a(__pop_int.o)
                0x000000000000176a                __pop_int_needed
                0x000000000000176a                __pop_int

.text           0x000000000000183a       0xce
 .text          0x000000000000183a       0xce c:/program files/microchip/xc8/v2.45/avr/bin/../lib/gcc/avr/5.4.0/../../../../avr/lib/avrxmega3\libm.a(addsf3x.o)
                0x000000000000183a                __addsf3x

.text.__cvt_u   0x0000000000001908       0xca
 .text.__cvt_u  0x0000000000001908       0xca c:/program files/microchip/xc8/v2.45/avr/bin/../lib/gcc/avr/5.4.0/../../../../avr/lib/avrxmega3\libc.a(__fmt_u.o)
                0x0000000000001908                __cvt_u

.text.__fmt_o   0x00000000000019d2       0xb2
 .text.__fmt_o  0x00000000000019d2       0xb2 c:/program files/microchip/xc8/v2.45/avr/bin/../lib/gcc/avr/5.4.0/../../../../avr/lib/avrxmega3\libc.a(__fmt_o.o)
                0x00000000000019d2                __fmt_o
                0x00000000000019d2                __fmt_o_needed

.text.BLE_send_data
                0x0000000000001a84       0xb0
 .text.BLE_send_data
                0x0000000000001a84       0xb0 build/default/debug/bluetooth.o
                0x0000000000001a84                BLE_send_data

.text.MAX30102_setup
                0x0000000000001b34       0xa8
 .text.MAX30102_setup
                0x0000000000001b34       0xa8 build/default/debug/max30102.o
                0x0000000000001b34                MAX30102_setup

.text.fputc     0x0000000000001bdc       0x98
 .text.fputc    0x0000000000001bdc       0x98 c:/program files/microchip/xc8/v2.45/avr/bin/../lib/gcc/avr/5.4.0/../../../../avr/lib/avrxmega3\libc.a(fputc.o)
                0x0000000000001bdc                fputc
                0x0000000000001bdc                putc

.text.reset_globals
                0x0000000000001c74       0x96
 .text.reset_globals
                0x0000000000001c74       0x96 build/default/debug/newavr-main.o
                0x0000000000001c74                reset_globals

.text.MAX30102_readRegister8
                0x0000000000001d0a       0x90
 .text.MAX30102_readRegister8
                0x0000000000001d0a       0x90 build/default/debug/max30102.o
                0x0000000000001d0a                MAX30102_readRegister8

.text.__fmt_u   0x0000000000001d9a       0x8e
 .text.__fmt_u  0x0000000000001d9a       0x8e c:/program files/microchip/xc8/v2.45/avr/bin/../lib/gcc/avr/5.4.0/../../../../avr/lib/avrxmega3\libc.a(__fmt_u.o)
                0x0000000000001d9a                __fmt_u_needed
                0x0000000000001d9a                __fmt_u

.text.MAX30102_writeRegister8
                0x0000000000001e28       0x7a
 .text.MAX30102_writeRegister8
                0x0000000000001e28       0x7a build/default/debug/max30102.o
                0x0000000000001e28                MAX30102_writeRegister8

.text.usartReadUntil
                0x0000000000001ea2       0x7a
 .text.usartReadUntil
                0x0000000000001ea2       0x7a build/default/debug/bluetooth.o
                0x0000000000001ea2                usartReadUntil

.text           0x0000000000001f1c       0x7a
 .text          0x0000000000001f1c       0x7a c:/program files/microchip/xc8/v2.45/avr/bin/../lib/gcc/avr/5.4.0/../../../../avr/lib/avrxmega3\libm.a(floatsisf.o)
                0x0000000000001f1c                __floatunsisf
                0x0000000000001f20                __floatsisf

.text.reset_math_globals
                0x0000000000001f96       0x78
 .text.reset_math_globals
                0x0000000000001f96       0x78 build/default/debug/max30102_math.o
                0x0000000000001f96                reset_math_globals

.text.__printf_core
                0x000000000000200e       0x78
 .text.__printf_core
                0x000000000000200e       0x78 c:/program files/microchip/xc8/v2.45/avr/bin/../lib/gcc/avr/5.4.0/../../../../avr/lib/avrxmega3\libc.a(__printf_core.o)
                0x000000000000200e                __printf_core

.text.__vsnprintf
                0x0000000000002086       0x74
 .text.__vsnprintf
                0x0000000000002086       0x74 c:/program files/microchip/xc8/v2.45/avr/bin/../lib/gcc/avr/5.4.0/../../../../avr/lib/avrxmega3\libc.a(__int_vsnprintf.o)
                0x0000000000002086                __vsnprintf

.text.__pad     0x00000000000020fa       0x72
 .text.__pad    0x00000000000020fa       0x72 c:/program files/microchip/xc8/v2.45/avr/bin/../lib/gcc/avr/5.4.0/../../../../avr/lib/avrxmega3\libc.a(__printf_core.o)
                0x00000000000020fa                __pad

.text.MAX30102_buffer_data
                0x000000000000216c       0x6e
 .text.MAX30102_buffer_data
                0x000000000000216c       0x6e build/default/debug/max30102.o
                0x000000000000216c                MAX30102_buffer_data

.text.check_vibrate
                0x00000000000021da       0x6c
 .text.check_vibrate
                0x00000000000021da       0x6c build/default/debug/newavr-main.o
                0x00000000000021da                check_vibrate

.text.avg_DC_estimator
                0x0000000000002246       0x64
 .text.avg_DC_estimator
                0x0000000000002246       0x64 build/default/debug/max30102_math.o
                0x0000000000002246                avg_DC_estimator

.text           0x00000000000022aa       0x5e
 .text          0x00000000000022aa       0x5e c:/program files/microchip/xc8/v2.45/avr/bin/../lib/gcc/avr/5.4.0/../../../../avr/lib/avrxmega3\libm.a(fixunssfsi.o)
                0x00000000000022aa                __fixunssfsi

.text.read_prec_or_width
                0x0000000000002308       0x5c
 .text.read_prec_or_width
                0x0000000000002308       0x5c c:/program files/microchip/xc8/v2.45/avr/bin/../lib/gcc/avr/5.4.0/../../../../avr/lib/avrxmega3\libc.a(__printf_core.o)

.rodata         0x0000000000806364       0x57 load address 0x0000000000002364
 .rodata        0x0000000000806364       0x57 build/default/debug/bluetooth.o

.text.__fmt_s   0x00000000000023bc       0x54
 .text.__fmt_s  0x00000000000023bc       0x54 c:/program files/microchip/xc8/v2.45/avr/bin/../lib/gcc/avr/5.4.0/../../../../avr/lib/avrxmega3\libc.a(__fmt_s.o)
                0x00000000000023bc                __fmt_s
                0x00000000000023bc                __fmt_0_needed
                0x00000000000023bc                __fmt_s_needed

.text.__vector_3
                0x0000000000002410       0x48
 .text.__vector_3
                0x0000000000002410       0x48 build/default/debug/newavr-main.o
                0x0000000000002410                __vector_3

.text           0x0000000000002458       0x48
 .text          0x0000000000002458       0x48 c:/program files/microchip/xc8/v2.45/avr/bin/../lib/gcc/avr/5.4.0/../../../../avr/lib/avrxmega3\libm.a(fp_cmp.o)
                0x0000000000002458                __fp_cmp

.text           0x00000000000024a0       0x44
 .text          0x00000000000024a0       0x44 c:/program files/microchip/xc8/v2.45/avr/bin/../lib/gcc/avr/5.4.0/../../../../avr/lib/avrxmega3\libm.a(fp_split3.o)
                0x00000000000024a0                __fp_split3
                0x00000000000024b0                __fp_splitA

.text.libgcc.div
                0x00000000000024e4       0x44
 .text.libgcc.div
                0x00000000000024e4       0x44 c:/program files/microchip/xc8/v2.45/avr/bin/../lib/gcc/avr/5.4.0/avrxmega3\libgcc.a(_udivmodsi4.o)
                0x00000000000024e4                __udivmodsi4

.text.__fmt_state
                0x0000000000002528       0x40
 .text.__fmt_state
                0x0000000000002528       0x40 c:/program files/microchip/xc8/v2.45/avr/bin/../lib/gcc/avr/5.4.0/../../../../avr/lib/avrxmega3\libc.a(__printf_core.o)
                0x0000000000002528                __fmt_state

.text.start_vibration
                0x0000000000002568       0x3e
 .text.start_vibration
                0x0000000000002568       0x3e build/default/debug/newavr-main.o
                0x0000000000002568                start_vibration

.text.__out     0x00000000000025a6       0x3a
 .text.__out    0x00000000000025a6       0x3a c:/program files/microchip/xc8/v2.45/avr/bin/../lib/gcc/avr/5.4.0/../../../../avr/lib/avrxmega3\libc.a(__printf_core.o)
                0x00000000000025a6                __out

.text.set_LED_color
                0x00000000000025e0       0x38
 .text.set_LED_color
                0x00000000000025e0       0x38 build/default/debug/button_led.o
                0x00000000000025e0                set_LED_color

.text.libgcc.prologue
                0x0000000000002618       0x32
 .text.libgcc.prologue
                0x0000000000002618       0x32 c:/program files/microchip/xc8/v2.45/avr/bin/../lib/gcc/avr/5.4.0/avrxmega3\libgcc.a(_prologue.o)
                0x0000000000002618                __prologue_saves__

.text.__vfprintf
                0x000000000000264a       0x30
 .text.__vfprintf
                0x000000000000264a       0x30 c:/program files/microchip/xc8/v2.45/avr/bin/../lib/gcc/avr/5.4.0/../../../../avr/lib/avrxmega3\libc.a(__int_vfprintf.o)
                0x000000000000264a                __vfprintf

.text.libgcc.prologue
                0x000000000000267a       0x30
 .text.libgcc.prologue
                0x000000000000267a       0x30 c:/program files/microchip/xc8/v2.45/avr/bin/../lib/gcc/avr/5.4.0/avrxmega3\libgcc.a(_epilogue.o)
                0x000000000000267a                __epilogue_restores__

.text.usartWriteCommand
                0x00000000000026aa       0x2c
 .text.usartWriteCommand
                0x00000000000026aa       0x2c build/default/debug/bluetooth.o
                0x00000000000026aa                usartWriteCommand

.text.__wrap_snprintf
                0x00000000000026d6       0x28
 .text.__wrap_snprintf
                0x00000000000026d6       0x28 c:/program files/microchip/xc8/v2.45/avr/bin/../lib/gcc/avr/5.4.0/../../../../avr/lib/avrxmega3\libc.a(__sio_snprintf_doux.o)
                0x00000000000026d6                _snprintf_cdopuxX

.text.ADC_init  0x00000000000026fe       0x26
 .text.ADC_init
                0x00000000000026fe       0x26 build/default/debug/muscle.o
                0x00000000000026fe                ADC_init

.text.USART_init
                0x0000000000002724       0x26
 .text.USART_init
                0x0000000000002724       0x26 build/default/debug/bluetooth.o
                0x0000000000002724                USART_init

.text.strcat    0x000000000000274a       0x26
 .text.strcat   0x000000000000274a       0x26 c:/program files/microchip/xc8/v2.45/avr/bin/../lib/gcc/avr/5.4.0/../../../../avr/lib/avrxmega3\libc.a(strcat.o)
                0x000000000000274a                strcat

.text.MAX30102_init
                0x0000000000002770       0x24
 .text.MAX30102_init
                0x0000000000002770       0x24 build/default/debug/max30102.o
                0x0000000000002770                MAX30102_init

.text.MAX30102_bitMask
                0x0000000000002794       0x24
 .text.MAX30102_bitMask
                0x0000000000002794       0x24 build/default/debug/max30102.o
                0x0000000000002794                MAX30102_bitMask

.text           0x00000000000027b8       0x22
 .text          0x00000000000027b8       0x22 c:/program files/microchip/xc8/v2.45/avr/bin/../lib/gcc/avr/5.4.0/../../../../avr/lib/avrxmega3\libm.a(fp_round.o)
                0x00000000000027b8                __fp_round

.text.button_init
                0x00000000000027da       0x20
 .text.button_init
                0x00000000000027da       0x20 build/default/debug/button_led.o
                0x00000000000027da                button_init

.text.ADC_read  0x00000000000027fa       0x1e
 .text.ADC_read
                0x00000000000027fa       0x1e build/default/debug/muscle.o
                0x00000000000027fa                ADC_read

.text.strcmp    0x0000000000002818       0x1c
 .text.strcmp   0x0000000000002818       0x1c c:/program files/microchip/xc8/v2.45/avr/bin/../lib/gcc/avr/5.4.0/../../../../avr/lib/avrxmega3\libc.a(strcmp.o)
                0x0000000000002818                strcmp

.text.strlen    0x0000000000002834       0x1c
 .text.strlen   0x0000000000002834       0x1c c:/program files/microchip/xc8/v2.45/avr/bin/../lib/gcc/avr/5.4.0/../../../../avr/lib/avrxmega3\libc.a(strlen.o)
                0x0000000000002834                strlen

.rodata.FIRCoeffs
                0x0000000000806850       0x18 load address 0x0000000000002850
 .rodata.FIRCoeffs
                0x0000000000806850       0x18 build/default/debug/max30102_math.o

.text.MAX30102_softReset
                0x0000000000002868       0x16
 .text.MAX30102_softReset
                0x0000000000002868       0x16 build/default/debug/max30102.o
                0x0000000000002868                MAX30102_softReset

.text.exit      0x000000000000287e       0x16
 .text.exit     0x000000000000287e       0x16 c:/program files/microchip/xc8/v2.45/avr/bin/../lib/gcc/avr/5.4.0/../../../../avr/lib/avrxmega3\libc.a(exit.o)
                0x000000000000287e                exit

.rodata.state_table
                0x0000000000806894       0x16 load address 0x0000000000002894
 .rodata.state_table
                0x0000000000806894       0x16 c:/program files/microchip/xc8/v2.45/avr/bin/../lib/gcc/avr/5.4.0/../../../../avr/lib/avrxmega3\libc.a(__printf_core.o)

.text.RTC_init  0x00000000000028aa       0x14
 .text.RTC_init
                0x00000000000028aa       0x14 build/default/debug/newavr-main.o
                0x00000000000028aa                RTC_init

.text.toupper   0x00000000000028be       0x12
 .text.toupper  0x00000000000028be       0x12 c:/program files/microchip/xc8/v2.45/avr/bin/../lib/gcc/avr/5.4.0/../../../../avr/lib/avrxmega3\libc.a(toupper.o)
                0x00000000000028be                toupper

.text.usartWriteChar
                0x00000000000028d0       0x10
 .text.usartWriteChar
                0x00000000000028d0       0x10 build/default/debug/bluetooth.o
                0x00000000000028d0                usartWriteChar

.text.usartReadChar
                0x00000000000028e0       0x10
 .text.usartReadChar
                0x00000000000028e0       0x10 build/default/debug/bluetooth.o
                0x00000000000028e0                usartReadChar

.text.tolower   0x00000000000028f0       0x10
 .text.tolower  0x00000000000028f0       0x10 c:/program files/microchip/xc8/v2.45/avr/bin/../lib/gcc/avr/5.4.0/../../../../avr/lib/avrxmega3\libc.a(tolower.o)
                0x00000000000028f0                tolower

.text.strcpy    0x0000000000002900       0x10
 .text.strcpy   0x0000000000002900       0x10 c:/program files/microchip/xc8/v2.45/avr/bin/../lib/gcc/avr/5.4.0/../../../../avr/lib/avrxmega3\libc.a(strcpy.o)
                0x0000000000002900                strcpy

.text.LED_init  0x0000000000002910        0xe
 .text.LED_init
                0x0000000000002910        0xe build/default/debug/button_led.o
                0x0000000000002910                LED_init

.text           0x000000000000291e        0xe
 .text          0x000000000000291e        0xe c:/program files/microchip/xc8/v2.45/avr/bin/../lib/gcc/avr/5.4.0/../../../../avr/lib/avrxmega3\libm.a(addsf3.o)
                0x000000000000291e                __subsf3
                0x0000000000002920                __addsf3

.text           0x000000000000292c        0xe
 .text          0x000000000000292c        0xe c:/program files/microchip/xc8/v2.45/avr/bin/../lib/gcc/avr/5.4.0/../../../../avr/lib/avrxmega3\libm.a(fp_pscA.o)
                0x000000000000292c                __fp_pscA

.text           0x000000000000293a        0xe
 .text          0x000000000000293a        0xe c:/program files/microchip/xc8/v2.45/avr/bin/../lib/gcc/avr/5.4.0/../../../../avr/lib/avrxmega3\libm.a(fp_pscB.o)
                0x000000000000293a                __fp_pscB

.text           0x0000000000002948        0xe
 .text          0x0000000000002948        0xe c:/program files/microchip/xc8/v2.45/avr/bin/../lib/gcc/avr/5.4.0/../../../../avr/lib/avrxmega3\libm.a(fp_zero.o)
                0x0000000000002948                __fp_zero
                0x000000000000294a                __fp_szero

.text.vibration_init
                0x0000000000002956        0xc
 .text.vibration_init
                0x0000000000002956        0xc build/default/debug/newavr-main.o
                0x0000000000002956                vibration_init

.text           0x0000000000002962        0xc
 .text          0x0000000000002962        0xc c:/program files/microchip/xc8/v2.45/avr/bin/../lib/gcc/avr/5.4.0/../../../../avr/lib/avrxmega3\libm.a(fp_inf.o)
                0x0000000000002962                __fp_inf

.text           0x000000000000296e        0xa
 .text          0x000000000000296e        0xa c:/program files/microchip/xc8/v2.45/avr/bin/../lib/gcc/avr/5.4.0/../../../../avr/lib/avrxmega3\libm.a(cmpsf2.o)
                0x000000000000296e                __nesf2
                0x000000000000296e                __eqsf2
                0x000000000000296e                __cmpsf2
                0x000000000000296e                __ltsf2
                0x000000000000296e                __lesf2

.text           0x0000000000002978        0xa
 .text          0x0000000000002978        0xa c:/program files/microchip/xc8/v2.45/avr/bin/../lib/gcc/avr/5.4.0/../../../../avr/lib/avrxmega3\libm.a(gesf2.o)
                0x0000000000002978                __gesf2
                0x0000000000002978                __gtsf2

.text           0x0000000000002982        0x8
 .text          0x0000000000002982        0x8 c:/program files/microchip/xc8/v2.45/avr/bin/../lib/gcc/avr/5.4.0/../../../../avr/lib/avrxmega3\libm.a(divsf3.o)
                0x0000000000002982                __divsf3

.text           0x000000000000298a        0x8
 .text          0x000000000000298a        0x8 c:/program files/microchip/xc8/v2.45/avr/bin/../lib/gcc/avr/5.4.0/../../../../avr/lib/avrxmega3\libm.a(mulsf3.o)
                0x000000000000298a                __mulsf3

.rodata         0x0000000000806992        0x7 load address 0x0000000000002992
 .rodata        0x0000000000806992        0x7 build/default/debug/newavr-main.o

.rodata.nuls.2781
                0x0000000000806999        0x7 load address 0x0000000000002999
 .rodata.nuls.2781
                0x0000000000806999        0x7 c:/program files/microchip/xc8/v2.45/avr/bin/../lib/gcc/avr/5.4.0/../../../../avr/lib/avrxmega3\libc.a(__fmt_s.o)

.text           0x00000000000029a0        0x6
 .text          0x00000000000029a0        0x6 c:/program files/microchip/xc8/v2.45/avr/bin/../lib/gcc/avr/5.4.0/../../../../avr/lib/avrxmega3\libm.a(fp_nan.o)
                0x00000000000029a0                __fp_nan

.rodata.nilstr.2962
                0x00000000008069a6        0x6 load address 0x00000000000029a6
 .rodata.nilstr.2962
                0x00000000008069a6        0x6 c:/program files/microchip/xc8/v2.45/avr/bin/../lib/gcc/avr/5.4.0/../../../../avr/lib/avrxmega3\libc.a(__printf_core.o)

.text           0x00000000000029ac        0x4
 .text          0x00000000000029ac        0x4 C:/Users/apknu/.mchp_packs/Microchip/ATmega_DFP/3.2.269/xc8/avr/lib/avrxmega3/crtatmega3208.o
                0x00000000000029ac                __vector_22
                0x00000000000029ac                __vector_28
                0x00000000000029ac                __vector_1
                0x00000000000029ac                __vector_32
                0x00000000000029ac                __vector_34
                0x00000000000029ac                __vector_24
                0x00000000000029ac                __vector_12
                0x00000000000029ac                __bad_interrupt
                0x00000000000029ac                __vector_31
                0x00000000000029ac                __vector_35
                0x00000000000029ac                __vector_23
                0x00000000000029ac                __vector_30
                0x00000000000029ac                __vector_25
                0x00000000000029ac                __vector_11
                0x00000000000029ac                __vector_13
                0x00000000000029ac                __vector_17
                0x00000000000029ac                __vector_19
                0x00000000000029ac                __vector_7
                0x00000000000029ac                __vector_27
                0x00000000000029ac                __vector_5
                0x00000000000029ac                __vector_33
                0x00000000000029ac                __vector_4
                0x00000000000029ac                __vector_9
                0x00000000000029ac                __vector_2
                0x00000000000029ac                __vector_21
                0x00000000000029ac                __vector_15
                0x00000000000029ac                __vector_29
                0x00000000000029ac                __vector_8
                0x00000000000029ac                __vector_26
                0x00000000000029ac                __vector_14
                0x00000000000029ac                __vector_10
                0x00000000000029ac                __vector_16
                0x00000000000029ac                __vector_18
                0x00000000000029ac                __vector_20

.text._Exit     0x00000000000029b0        0x4
 .text._Exit    0x00000000000029b0        0x4 c:/program files/microchip/xc8/v2.45/avr/bin/../lib/gcc/avr/5.4.0/../../../../avr/lib/avrxmega3\libc.a(_Exit.o)
                0x00000000000029b0                _Exit

.text.__dummy_fini
                0x00000000000029b4        0x2
 .text.__dummy_fini
                0x00000000000029b4        0x2 c:/program files/microchip/xc8/v2.45/avr/bin/../lib/gcc/avr/5.4.0/../../../../avr/lib/avrxmega3\libc.a(exit.o)
                0x00000000000029b4                _fini

.text.__dummy_funcs_on_exit
                0x00000000000029b6        0x2
 .text.__dummy_funcs_on_exit
                0x00000000000029b6        0x2 c:/program files/microchip/xc8/v2.45/avr/bin/../lib/gcc/avr/5.4.0/../../../../avr/lib/avrxmega3\libc.a(exit.o)
                0x00000000000029b6                __funcs_on_exit

.text.__dummy_simulator_exit
                0x00000000000029b8        0x2
 .text.__dummy_simulator_exit
                0x00000000000029b8        0x2 c:/program files/microchip/xc8/v2.45/avr/bin/../lib/gcc/avr/5.4.0/../../../../avr/lib/avrxmega3\libc.a(exit.o)
                0x00000000000029b8                __simulator_exit

.data.IR_AC_Min
                0x00000000008030a8        0x2 load address 0x00000000000029ba
 .data.IR_AC_Min
                0x00000000008030a8        0x2 build/default/debug/max30102_math.o
                0x00000000008030a8                IR_AC_Min

.data.IR_AC_Max
                0x00000000008030aa        0x2 load address 0x00000000000029bc
 .data.IR_AC_Max
                0x00000000008030aa        0x2 build/default/debug/max30102_math.o
                0x00000000008030aa                IR_AC_Max
